go tool covdata percent -i=. >/dev/null 2>&1 || true
cd apps/service && go test -coverpkg=./... -coverprofile=coverage.out ./...
ok  	example.com/demo-go/service/adapters/driven/checkpointstorememory	0.006s	coverage: 16.0% of statements in ./...
	example.com/demo-go/service/adapters/driven/checkpointstorepostgres		coverage: 0.0% of statements
ok  	example.com/demo-go/service/adapters/driven/eventstorememory	0.005s	coverage: 40.5% of statements in ./...
	example.com/demo-go/service/adapters/driven/eventstorepostgres		coverage: 0.0% of statements
ok  	example.com/demo-go/service/adapters/driving/http	0.009s	coverage: 4.6% of statements in ./...
	example.com/demo-go/service/application/ports/events		coverage: 0.0% of statements
?   	example.com/demo-go/service/application/ports/readmodels	[no test files]
	example.com/demo-go/service/checkpointstorecontract		coverage: 0.0% of statements
ok  	example.com/demo-go/service/cmd/migrate	0.008s	coverage: 0.5% of statements in ./...
	example.com/demo-go/service/cmd/serve		coverage: 0.0% of statements
ok  	example.com/demo-go/service/config	0.007s	coverage: 2.0% of statements in ./...
	example.com/demo-go/service/eventstorecontract		coverage: 0.0% of statements
ok  	example.com/demo-go/service/health	0.008s	coverage: 0.1% of statements in ./...
?   	example.com/demo-go/service/migrations	[no test files]
ok  	example.com/demo-go/service/observability	0.004s	coverage: 1.5% of statements in ./...
ok  	example.com/demo-go/service/projections	0.964s	coverage: 10.9% of statements in ./...
python3 scripts/go-coverage.py apps/service 70
  example.com/demo-go/service/adapters/driven/checkpointstorememory     100.0%  (11/11 statements)
  example.com/demo-go/service/adapters/driven/eventstorememory           98.8%  (167/169 statements)
  example.com/demo-go/service/adapters/driving/http                      94.2%  (81/86 statements)
  example.com/demo-go/service/application/ports/events                   96.4%  (27/28 statements)
  example.com/demo-go/service/checkpointstorecontract                    86.9%  (186/214 statements)
  example.com/demo-go/service/config                                     94.6%  (35/37 statements)
  example.com/demo-go/service/eventstorecontract                         86.3%  (536/621 statements)
  example.com/demo-go/service/health                                     50.0%  (1/2 statements)
  example.com/demo-go/service/observability                              89.7%  (26/29 statements)
  example.com/demo-go/service/projections                                91.5%  (86/94 statements)
  example.com/demo-go/service/adapters/driven/checkpointstorepostgres  not counted: tests run under make test-integration
  example.com/demo-go/service/adapters/driven/eventstorepostgres       not counted: tests run under make test-integration
  example.com/demo-go/service/cmd/migrate                              not counted: entry point
  example.com/demo-go/service/cmd/serve                                not counted: entry point
coverage: 89.5% of 1291 statements, at or above the 70% minimum
exit=0
