./scripts/verify --install-only
./scripts/verify --lint-only --synced
All checks passed!
31 files already formatted
./scripts/verify --typecheck-only --synced
Success: no issues found in 29 source files
python3 scripts/check-imports.py
check-imports: inward dependency rule holds (78 directory entries read)
python3 scripts/check-migrations.py
check-migrations: every migration is additive, or a marked contraction of an earlier one; Go migrate images embed their .sql files (78 directory entries read)
python3 scripts/check-slice-scope.py
check-slice-scope: on `main`, not a `slice/<id>` branch — nothing to hold
python3 scripts/extensions/project.py --check
check-extensions: no extension elected; nothing to project
python3 scripts/agents/project.py --check
check-agents: not initialized; no projections expected yet
python3 scripts/agents/models.py --check && python3 scripts/agents/drive.py --check && python3 scripts/agents/cruise.py --check
check-models: .specify/models.json names 17 stage(s) and 6 harness(es)
check-drive: .specify/drive.json delegates per story and cycles per rule
check-cruise: .specify/cruise.json is well-formed; /cruise is not enabled
python3 scripts/check-speckit.py
check-speckit: not initialized; nothing managed yet, 1 preset(s) valid
python3 scripts/check-codegraph.py
check-codegraph: no .codegraph/ — this project carries no code index; nothing to check
python3 scripts/check-ux-gates.py
check-ux-gates: not adopted (./init --extension ux-gates); nothing to check
python3 scripts/check-constitution.py
check-constitution: no constitution ratified yet; run /speckit-constitution (scripts/check-constitution.py --requirements prints what it must cover)
python3 scripts/test_benchmark.py && python3 scripts/agents/benchmark.py check
check-benchmark: 2 boundary and rendering checks pass
check-benchmark: no record and no done slice yet — nothing to hold
python3 scripts/check-decisions.py
check-decisions: no decisions.md or demo-log.md under specs/ — nothing recorded yet
./scripts/verify --test-only --synced
============================= test session starts ==============================
platform linux -- Python 3.14.4, pytest-9.1.1, pluggy-1.6.0
rootdir: /tmp/s06-demo/py/pyshop/apps/service
configfile: pyproject.toml
plugins: xdist-3.8.0, anyio-4.15.1
created: 4/4 workers
4 workers [87 items]

........................................................................ [ 82%]
...............                                                          [100%]
=============================== warnings summary ===============================
apps/service/.venv/lib/python3.14/site-packages/fastapi/testclient.py:1
apps/service/.venv/lib/python3.14/site-packages/fastapi/testclient.py:1
apps/service/.venv/lib/python3.14/site-packages/fastapi/testclient.py:1
apps/service/.venv/lib/python3.14/site-packages/fastapi/testclient.py:1
  /tmp/s06-demo/py/pyshop/apps/service/.venv/lib/python3.14/site-packages/fastapi/testclient.py:1: StarletteDeprecationWarning: Using `httpx` with `starlette.testclient` is deprecated; install `httpx2` instead.
    from starlette.testclient import TestClient as TestClient  # noqa

apps/service/.venv/lib/python3.14/site-packages/starlette/testclient.py:53
apps/service/.venv/lib/python3.14/site-packages/starlette/testclient.py:53
apps/service/.venv/lib/python3.14/site-packages/starlette/testclient.py:53
apps/service/.venv/lib/python3.14/site-packages/starlette/testclient.py:53
  /tmp/s06-demo/py/pyshop/apps/service/.venv/lib/python3.14/site-packages/starlette/testclient.py:53: DeprecationWarning: The anyio.abc.BlockingPortal alias is deprecated, use anyio.from_thread.BlockingPortal instead.
    _PortalFactoryType = Callable[[], AbstractContextManager[anyio.abc.BlockingPortal]]

-- Docs: https://docs.pytest.org/en/stable/how-to/capture-warnings.html
======================== 87 passed, 8 warnings in 1.43s ========================
python3 scripts/event-model/check.py
check-model: valid
check-drawio: scripts/event-model/package-lock.json is not newer than the installed model tooling; not reinstalled
node scripts/event-model/node_modules/tsx/dist/cli.mjs scripts/event-model/render-drawio.ts --check
check-drawio: docs/event-model/model.yaml has no slices yet — nothing to check.

verify: all gates passed

real	0m7.435s
user	0m10.299s
sys	0m0.840s
