verify-scoped: this layout has no verification-dependency record yet — the full gate runs
adopted: no lint command recorded in project.json (.)
adopted: no typecheck command recorded in project.json (.)
python3 delivery/scripts/check-imports.py
check-imports: inward dependency rule holds (0 directory entries read)
python3 delivery/scripts/check-migrations.py
check-migrations: every migration is additive, or a marked contraction of an earlier one; Go migrate images embed their .sql files (0 directory entries read)
python3 delivery/scripts/check-slice-scope.py
check-slice-scope: slice/S1 touches only what one slice may (compared with `main` at 9202169)
python3 delivery/scripts/extensions/project.py --check
check-extensions: no extension elected; nothing to project
python3 delivery/scripts/agents/project.py --check
check-agents: not initialized; no projections expected yet
python3 delivery/scripts/agents/models.py --check && python3 delivery/scripts/agents/drive.py --check && python3 delivery/scripts/agents/cruise.py --check
check-models: .specify/models.json names 17 stage(s) and 6 harness(es)
check-drive: .specify/drive.json delegates per story and cycles per rule
check-cruise: .specify/cruise.json is well-formed; /cruise is not enabled
python3 delivery/scripts/check-speckit.py
check-speckit: not initialized; nothing managed yet, 1 preset(s) valid
python3 delivery/scripts/check-codegraph.py
check-codegraph: no .codegraph/ — this project carries no code index; nothing to check
python3 delivery/scripts/check-ux-gates.py
check-ux-gates: not adopted (./init --extension ux-gates); nothing to check
python3 delivery/scripts/check-constitution.py
check-constitution: no constitution ratified yet; run /speckit-constitution (scripts/check-constitution.py --requirements prints what it must cover)
python3 delivery/scripts/test_benchmark.py && python3 delivery/scripts/agents/benchmark.py check
check-benchmark: 2 boundary and rendering checks pass
check-benchmark: no record and no done slice yet — nothing to hold
python3 delivery/scripts/check-decisions.py
check-decisions: no decisions.md or demo-log.md under specs/ — nothing recorded yet
adopted: no test command recorded in project.json (.)
python3 delivery/scripts/check-convergence.py
  path-to-production: `unknown` — unrecorded: nothing has established it; /drive asks before the first slice
  integration: `unknown` — unrecorded: nothing has established it; /drive asks before the first slice
  safety-net: `none` — below `mutation-measured`
  structure: `as-found` — below `typed`
  platform: `supported` — below `audited`
  constitution: `template` — below `in-full`
  data: `settled` — at target
  infrastructure: `recorded` — below `settled`
  strategy: `open` — unrecorded: nothing has established it; /drive asks before the first slice
check-convergence: 1 of 9 axes at target; the map is delivery/docs/convergence.md

verify: all gates passed

real	0m0.539s
user	0m0.452s
sys	0m0.088s
